[ +726 ms] Artifact Instance of 'MaterialFonts' is not required, skipping update.
[   +3 ms] Artifact Instance of 'GradleWrapper' is not required, skipping update.
[   +1 ms] Artifact Instance of 'AndroidGenSnapshotArtifacts' is not required, skipping update.
[   +1 ms] Artifact Instance of 'AndroidInternalBuildArtifacts' is not required, skipping update.
[   +1 ms] Artifact Instance of 'IOSEngineArtifacts' is not required, skipping update.
[   +1 ms] Artifact Instance of 'FlutterWebSdk' is not required, skipping update.
[   +2 ms] Artifact Instance of 'LegacyCanvasKitRemover' is not required, skipping update.
[   +1 ms] Artifact Instance of 'FlutterSdk' is not required, skipping update.
[   +3 ms] Artifact Instance of 'WindowsEngineArtifacts' is not required, skipping update.
[   +1 ms] Artifact Instance of 'MacOSEngineArtifacts' is not required, skipping update.
[   +1 ms] Artifact Instance of 'LinuxEngineArtifacts' is not required, skipping update.
[        ] Artifact Instance of 'LinuxFuchsiaSDKArtifacts' is not required, skipping update.
[        ] Artifact Instance of 'MacOSFuchsiaSDKArtifacts' is not required, skipping update.
[        ] Artifact Instance of 'FlutterRunnerSDKArtifacts' is not required, skipping update.
[        ] Artifact Instance of 'FlutterRunnerDebugSymbols' is not required, skipping update.
[        ] Artifact Instance of 'IosUsbArtifacts' is not required, skipping update.
[        ] Artifact Instance of 'IosUsbArtifacts' is not required, skipping update.
[        ] Artifact Instance of 'IosUsbArtifacts' is not required, skipping update.
[        ] Artifact Instance of 'IosUsbArtifacts' is not required, skipping update.
[   +1 ms] Artifact Instance of 'IosUsbArtifacts' is not required, skipping update.
[        ] Artifact Instance of 'IosUsbArtifacts' is not required, skipping update.
[        ] Artifact Instance of 'FontSubsetArtifacts' is not required, skipping update.
[        ] Artifact Instance of 'PubDependencies' is not required, skipping update.
[   +1 ms] executing: [C:\flutter\flutter/] git -c log.showSignature=false log HEAD -n 1 --pretty=format:%ad --date=iso
[ +176 ms] Exit code 0 from: git -c log.showSignature=false log HEAD -n 1 --pretty=format:%ad --date=iso
[        ] 2026-04-29 10:03:19 -0700
[  +44 ms] Artifact Instance of 'AndroidGenSnapshotArtifacts' is not required, skipping update.
[   +1 ms] Artifact Instance of 'AndroidInternalBuildArtifacts' is not required, skipping update.
[        ] Artifact Instance of 'IOSEngineArtifacts' is not required, skipping update.
[   +1 ms] Artifact Instance of 'FlutterWebSdk' is not required, skipping update.
[        ] Artifact Instance of 'FlutterEngineStamp' is not required, skipping update.
[        ] Artifact Instance of 'LegacyCanvasKitRemover' is not required, skipping update.
[   +5 ms] Artifact Instance of 'WindowsEngineArtifacts' is not required, skipping update.
[        ] Artifact Instance of 'MacOSEngineArtifacts' is not required, skipping update.
[        ] Artifact Instance of 'LinuxEngineArtifacts' is not required, skipping update.
[        ] Artifact Instance of 'LinuxFuchsiaSDKArtifacts' is not required, skipping update.
[        ] Artifact Instance of 'MacOSFuchsiaSDKArtifacts' is not required, skipping update.
[        ] Artifact Instance of 'FlutterRunnerSDKArtifacts' is not required, skipping update.
[        ] Artifact Instance of 'FlutterRunnerDebugSymbols' is not required, skipping update.
[ +209 ms] Artifact Instance of 'AndroidGenSnapshotArtifacts' is not required, skipping update.
[   +1 ms] Artifact Instance of 'AndroidInternalBuildArtifacts' is not required, skipping update.
[        ] Artifact Instance of 'IOSEngineArtifacts' is not required, skipping update.
[   +4 ms] Artifact Instance of 'FlutterEngineStamp' is not required, skipping update.
[  +11 ms] Artifact Instance of 'WindowsEngineArtifacts' is not required, skipping update.
[   +1 ms] Artifact Instance of 'MacOSEngineArtifacts' is not required, skipping update.
[        ] Artifact Instance of 'LinuxEngineArtifacts' is not required, skipping update.
[        ] Artifact Instance of 'LinuxFuchsiaSDKArtifacts' is not required, skipping update.
[        ] Artifact Instance of 'MacOSFuchsiaSDKArtifacts' is not required, skipping update.
[   +1 ms] Artifact Instance of 'FlutterRunnerSDKArtifacts' is not required, skipping update.
[        ] Artifact Instance of 'FlutterRunnerDebugSymbols' is not required, skipping update.
[  +99 ms] Skipping pub get: version match.
[ +192 ms] Found plugin shared_preferences at C:\Users\Mandrawal\AppData\Local\Pub\Cache\hosted\pub.dev\shared_preferences-2.5.4\
[  +15 ms] Found plugin shared_preferences_windows at C:\Users\Mandrawal\AppData\Local\Pub\Cache\hosted\pub.dev\shared_preferences_windows-2.4.1\
[  +15 ms] Found plugin path_provider_windows at C:\Users\Mandrawal\AppData\Local\Pub\Cache\hosted\pub.dev\path_provider_windows-2.3.0\
[  +14 ms] Found plugin shared_preferences_web at C:\Users\Mandrawal\AppData\Local\Pub\Cache\hosted\pub.dev\shared_preferences_web-2.4.3\
[   +8 ms] Found plugin shared_preferences_linux at C:\Users\Mandrawal\AppData\Local\Pub\Cache\hosted\pub.dev\shared_preferences_linux-2.4.1\
[   +5 ms] Found plugin path_provider_linux at C:\Users\Mandrawal\AppData\Local\Pub\Cache\hosted\pub.dev\path_provider_linux-2.2.1\
[   +8 ms] Found plugin shared_preferences_foundation at C:\Users\Mandrawal\AppData\Local\Pub\Cache\hosted\pub.dev\shared_preferences_foundation-2.5.6\
[   +4 ms] Found plugin shared_preferences_android at C:\Users\Mandrawal\AppData\Local\Pub\Cache\hosted\pub.dev\shared_preferences_android-2.4.18\
[  +30 ms] Found plugin firebase_core at C:\Users\Mandrawal\AppData\Local\Pub\Cache\hosted\pub.dev\firebase_core-3.15.2\
[   +4 ms] Found plugin firebase_core_web at C:\Users\Mandrawal\AppData\Local\Pub\Cache\hosted\pub.dev\firebase_core_web-2.24.1\
[  +11 ms] Found plugin cloud_firestore at C:\Users\Mandrawal\AppData\Local\Pub\Cache\hosted\pub.dev\cloud_firestore-5.6.12\
[   +4 ms] Found plugin cloud_firestore_web at C:\Users\Mandrawal\AppData\Local\Pub\Cache\hosted\pub.dev\cloud_firestore_web-4.4.12\
[  +90 ms] Found plugin shared_preferences at C:\Users\Mandrawal\AppData\Local\Pub\Cache\hosted\pub.dev\shared_preferences-2.5.4\
[   +2 ms] Found plugin shared_preferences_windows at C:\Users\Mandrawal\AppData\Local\Pub\Cache\hosted\pub.dev\shared_preferences_windows-2.4.1\
[   +4 ms] Found plugin path_provider_windows at C:\Users\Mandrawal\AppData\Local\Pub\Cache\hosted\pub.dev\path_provider_windows-2.3.0\
[  +11 ms] Found plugin shared_preferences_web at C:\Users\Mandrawal\AppData\Local\Pub\Cache\hosted\pub.dev\shared_preferences_web-2.4.3\
[   +3 ms] Found plugin shared_preferences_linux at C:\Users\Mandrawal\AppData\Local\Pub\Cache\hosted\pub.dev\shared_preferences_linux-2.4.1\
[   +1 ms] Found plugin path_provider_linux at C:\Users\Mandrawal\AppData\Local\Pub\Cache\hosted\pub.dev\path_provider_linux-2.2.1\
[   +4 ms] Found plugin shared_preferences_foundation at C:\Users\Mandrawal\AppData\Local\Pub\Cache\hosted\pub.dev\shared_preferences_foundation-2.5.6\
[   +3 ms] Found plugin shared_preferences_android at C:\Users\Mandrawal\AppData\Local\Pub\Cache\hosted\pub.dev\shared_preferences_android-2.4.18\
[  +11 ms] Found plugin firebase_core at C:\Users\Mandrawal\AppData\Local\Pub\Cache\hosted\pub.dev\firebase_core-3.15.2\
[   +4 ms] Found plugin firebase_core_web at C:\Users\Mandrawal\AppData\Local\Pub\Cache\hosted\pub.dev\firebase_core_web-2.24.1\
[   +7 ms] Found plugin cloud_firestore at C:\Users\Mandrawal\AppData\Local\Pub\Cache\hosted\pub.dev\cloud_firestore-5.6.12\
[   +2 ms] Found plugin cloud_firestore_web at C:\Users\Mandrawal\AppData\Local\Pub\Cache\hosted\pub.dev\cloud_firestore_web-4.4.12\
[  +10 ms] Skipping generating web_plugin_registrant.dart because it is up-to-date.
[  +35 ms] Found plugin shared_preferences at C:\Users\Mandrawal\AppData\Local\Pub\Cache\hosted\pub.dev\shared_preferences-2.5.4\
[   +3 ms] Found plugin shared_preferences_windows at C:\Users\Mandrawal\AppData\Local\Pub\Cache\hosted\pub.dev\shared_preferences_windows-2.4.1\
[   +6 ms] Found plugin path_provider_windows at C:\Users\Mandrawal\AppData\Local\Pub\Cache\hosted\pub.dev\path_provider_windows-2.3.0\
[   +9 ms] Found plugin shared_preferences_web at C:\Users\Mandrawal\AppData\Local\Pub\Cache\hosted\pub.dev\shared_preferences_web-2.4.3\
[   +6 ms] Found plugin shared_preferences_linux at C:\Users\Mandrawal\AppData\Local\Pub\Cache\hosted\pub.dev\shared_preferences_linux-2.4.1\
[   +2 ms] Found plugin path_provider_linux at C:\Users\Mandrawal\AppData\Local\Pub\Cache\hosted\pub.dev\path_provider_linux-2.2.1\
[   +4 ms] Found plugin shared_preferences_foundation at C:\Users\Mandrawal\AppData\Local\Pub\Cache\hosted\pub.dev\shared_preferences_foundation-2.5.6\
[   +2 ms] Found plugin shared_preferences_android at C:\Users\Mandrawal\AppData\Local\Pub\Cache\hosted\pub.dev\shared_preferences_android-2.4.18\
[  +10 ms] Found plugin firebase_core at C:\Users\Mandrawal\AppData\Local\Pub\Cache\hosted\pub.dev\firebase_core-3.15.2\
[   +2 ms] Found plugin firebase_core_web at C:\Users\Mandrawal\AppData\Local\Pub\Cache\hosted\pub.dev\firebase_core_web-2.24.1\
[   +5 ms] Found plugin cloud_firestore at C:\Users\Mandrawal\AppData\Local\Pub\Cache\hosted\pub.dev\cloud_firestore-5.6.12\
[   +2 ms] Found plugin cloud_firestore_web at C:\Users\Mandrawal\AppData\Local\Pub\Cache\hosted\pub.dev\cloud_firestore_web-4.4.12\
[  +12 ms] Generating D:\Personal App\tradedesk\android\app\src\main\java\io\flutter\plugins\GeneratedPluginRegistrant.java
[   +3 ms] Skipping generating GeneratedPluginRegistrant.java because it is up-to-date.
[   +6 ms] Skipping generating generated_plugin_registrant.h because it is up-to-date.
[   +2 ms] Skipping generating generated_plugin_registrant.cc because it is up-to-date.
[   +2 ms] Skipping generating generated_plugins.cmake because it is up-to-date.
[   +3 ms] Skipping generating generated_plugin_registrant.h because it is up-to-date.
[   +1 ms] Skipping generating generated_plugin_registrant.cc because it is up-to-date.
[   +3 ms] Skipping generating generated_plugins.cmake because it is up-to-date.
[   +2 ms] Skipping generating GeneratedPluginRegistrant.h because it is up-to-date.
[   +2 ms] Skipping generating GeneratedPluginRegistrant.m because it is up-to-date.
[   +2 ms] Skipping generating GeneratedPluginRegistrant.swift because it is up-to-date.
[ +194 ms] Launching lib\main.dart on Chrome in debug mode...
[ +104 ms] Initializing file store
[   +3 ms] Done initializing file store
[  +25 ms] Skipping target: gen_localizations
[   +2 ms] Skipping target: gen_dart_plugin_registrant
[   +1 ms] Skipping target: _composite
[   +1 ms] complete
[   +1 ms] Updating assets
[   +2 ms] runHooks() with {TargetFile: D:\Personal App\tradedesk\lib\main.dart, BuildMode: debug} and TargetPlatform.web_javascript
[        ] runHooks() - will perform dart build
[   +2 ms] Initializing file store
[   +1 ms] Done initializing file store
[  +13 ms] Skipping target: dart_build
[   +1 ms] Persisting file store
[   +2 ms] Done persisting file store
[   +5 ms] runHooks() - done
[ +216 ms] Waiting for connection from debug service on Chrome...
[  +96 ms] Found plugin shared_preferences at C:\Users\Mandrawal\AppData\Local\Pub\Cache\hosted\pub.dev\shared_preferences-2.5.4\
[   +9 ms] Found plugin shared_preferences_windows at C:\Users\Mandrawal\AppData\Local\Pub\Cache\hosted\pub.dev\shared_preferences_windows-2.4.1\
[  +10 ms] Found plugin path_provider_windows at C:\Users\Mandrawal\AppData\Local\Pub\Cache\hosted\pub.dev\path_provider_windows-2.3.0\
[  +17 ms] Found plugin shared_preferences_web at C:\Users\Mandrawal\AppData\Local\Pub\Cache\hosted\pub.dev\shared_preferences_web-2.4.3\
[   +6 ms] Found plugin shared_preferences_linux at C:\Users\Mandrawal\AppData\Local\Pub\Cache\hosted\pub.dev\shared_preferences_linux-2.4.1\
[   +7 ms] Found plugin path_provider_linux at C:\Users\Mandrawal\AppData\Local\Pub\Cache\hosted\pub.dev\path_provider_linux-2.2.1\
[   +5 ms] Found plugin shared_preferences_foundation at C:\Users\Mandrawal\AppData\Local\Pub\Cache\hosted\pub.dev\shared_preferences_foundation-2.5.6\
[   +2 ms] Found plugin shared_preferences_android at C:\Users\Mandrawal\AppData\Local\Pub\Cache\hosted\pub.dev\shared_preferences_android-2.4.18\
[  +13 ms] Found plugin firebase_core at C:\Users\Mandrawal\AppData\Local\Pub\Cache\hosted\pub.dev\firebase_core-3.15.2\
[   +1 ms] Found plugin firebase_core_web at C:\Users\Mandrawal\AppData\Local\Pub\Cache\hosted\pub.dev\firebase_core_web-2.24.1\
[   +8 ms] Found plugin cloud_firestore at C:\Users\Mandrawal\AppData\Local\Pub\Cache\hosted\pub.dev\cloud_firestore-5.6.12\
[   +3 ms] Found plugin cloud_firestore_web at C:\Users\Mandrawal\AppData\Local\Pub\Cache\hosted\pub.dev\cloud_firestore_web-4.4.12\
[  +59 ms] shaderc command: [C:\flutter\flutter\bin\cache\artifacts\engine\windows-x64\impellerc.exe, --sksl, --iplr, --json, --sl=build\flutter_assets\shaders/ink_sparkle.frag, --spirv=build\flutter_assets\shaders/ink_sparkle.frag.spirv, --input=C:\flutter\flutter\packages\flutter\lib\src\material\shaders\ink_sparkle.frag, --input-type=frag, --include=C:\flutter\flutter\packages\flutter\lib\src\material\shaders, --include=C:\flutter\flutter\bin\cache\artifacts\engine\windows-x64\shader_lib]
[   +4 ms] shaderc command: [C:\flutter\flutter\bin\cache\artifacts\engine\windows-x64\impellerc.exe, --sksl, --iplr, --json, --sl=build\flutter_assets\shaders/stretch_effect.frag, --spirv=build\flutter_assets\shaders/stretch_effect.frag.spirv, --input=C:\flutter\flutter\packages\flutter\lib\src\material\shaders\stretch_effect.frag, --input-type=frag, --include=C:\flutter\flutter\packages\flutter\lib\src\material\shaders, --include=C:\flutter\flutter\bin\cache\artifacts\engine\windows-x64\shader_lib]
[ +587 ms] <- reset
[   +5 ms] C:\flutter\flutter\bin\cache\dart-sdk\bin\dartaotruntime.exe C:\flutter\flutter\bin\cache\dart-sdk\bin\snapshots\frontend_server_aot.dart.snapshot --sdk-root C:\flutter\flutter\bin\cache\flutter_web_sdk/ --incremental --target=dartdevc --experimental-emit-debug-metadata -DFLUTTER_VERSION=3.41.9 -DFLUTTER_CHANNEL=stable -DFLUTTER_GIT_URL=https://github.com/flutter/flutter.git -DFLUTTER_FRAMEWORK_REVISION=00b0c91f06 -DFLUTTER_ENGINE_REVISION=42d3d75a56 -DFLUTTER_DART_VERSION=3.11.5 --output-dill C:\Users\MANDRA~1\AppData\Local\Temp\flutter_tools.4971f1e9\flutter_tool.fe1a37fa\app.dill --packages D:\Personal App\tradedesk\.dart_tool\package_config.json -Ddart.vm.profile=false -Ddart.vm.product=false --enable-asserts --track-widget-creation --filesystem-root C:\Users\MANDRA~1\AppData\Local\Temp\flutter_tools.4971f1e9\flutter_tools.7fd35b52 --filesystem-scheme org-dartlang-app --initialize-from-dill build\89a6598c8854ed031dfc25d83c80860e.cache.dill.track.dill --platform file:///C:/flutter/flutter/bin/cache/flutter_web_sdk/kernel/ddc_outline.dill --verbosity=error --dartdevc-canary --dartdevc-module-format=ddc
[  +13 ms] <- compile org-dartlang-app:/web_entrypoint.dart
[+15825 ms] Waiting for connection from debug service on Chrome... (completed in 16.7s)
[   +1 ms] Synced 76.8MB.
[   +1 ms] <- accept
[   +1 ms] Caching compiled dill
[  +44 ms] Launching Chromium (url = http://localhost:5173, headless = false, skipCheck = false, debugPort = null)
[   +2 ms] Will use Chromium executable at C:\Program Files\Google\Chrome\Application\chrome.exe
[+1115 ms] [CHROME]: [30520:30268:0624/120010.337:ERROR:components\signin\public\webdata\token_service_table.cc:246] Failed to decrypt token for service AccountId-107051423774177312808
[  +16 ms] [CHROME]: 
[        ] [CHROME]: DevTools listening on ws://127.0.0.1:58182/devtools/browser/fce03f2a-b8cf-46f0-860f-33f43857170a
[ +191 ms] Flutter run key commands.
[   +2 ms] r Hot reload. 
[   +1 ms] R Hot restart.
[        ] h List all available interactive commands.
[        ] d Detach (terminate "flutter run" but leave application running).
[        ] c Clear the screen
[        ] q Quit (terminate the application on the device).
[+2499 ms] DwdsInjector: Received request for entrypoint at http://localhost:5173/main_module.bootstrap.js
[  +12 ms] MetadataProvider: Loading debug metadata...
[  +17 ms] MetadataProvider: Loaded debug metadata for module: web_entrypoint.dart
[   +1 ms] MetadataProvider: Loaded debug metadata for module: web_plugin_registrant.dart
[   +1 ms] MetadataProvider: Loaded debug metadata for module: packages/flutter_web_plugins/flutter_web_plugins.dart
[   +1 ms] MetadataProvider: Loaded debug metadata for module: packages/flutter_web_plugins/src/plugin_registry.dart
[   +1 ms] MetadataProvider: Loaded debug metadata for module: packages/flutter/src/services/undo_manager.dart
[   +1 ms] MetadataProvider: Loaded debug metadata for module: packages/flutter/foundation.dart
[   +1 ms] MetadataProvider: Loaded debug metadata for module: packages/flutter/src/foundation/unicode.dart
[   +1 ms] MetadataProvider: Loaded debug metadata for module: packages/flutter/src/foundation/timeline.dart
[   +1 ms] MetadataProvider: Loaded debug metadata for module: packages/flutter/src/foundation/constants.dart
[   +1 ms] MetadataProvider: Loaded debug metadata for module: packages/flutter/src/foundation/_timeline_web.dart
[   +1 ms] MetadataProvider: Loaded debug metadata for module: packages/meta/meta.dart
[   +1 ms] MetadataProvider: Loaded debug metadata for module: packages/meta/meta_meta.dart
[   +1 ms] MetadataProvider: Loaded debug metadata for module: packages/flutter/src/foundation/synchronous_future.dart
[   +1 ms] MetadataProvider: Loaded debug metadata for module: packages/flutter/src/foundation/stack_frame.dart
[        ] MetadataProvider: Loaded debug metadata for module: packages/flutter/src/foundation/object.dart
[   +1 ms] MetadataProvider: Loaded debug metadata for module: packages/flutter/src/foundation/service_extensions.dart
[   +1 ms] MetadataProvider: Loaded debug metadata for module: packages/flutter/src/foundation/serialization.dart
[   +1 ms] MetadataProvider: Loaded debug metadata for module: packages/flutter/src/foundation/print.dart
[   +1 ms] MetadataProvider: Loaded debug metadata for module: packages/flutter/src/foundation/_platform_web.dart
[        ] MetadataProvider: Loaded debug metadata for module: packages/flutter/src/foundation/basic_types.dart
[        ] MetadataProvider: Loaded debug metadata for module: packages/flutter/src/foundation/persistent_hash_map.dart
[        ] MetadataProvider: Loaded debug metadata for module: packages/flutter/src/foundation/observer_list.dart
[        ] MetadataProvider: Loaded debug metadata for module: packages/flutter/src/foundation/node.dart
[   +1 ms] MetadataProvider: Loaded debug metadata for module: packages/flutter/src/foundation/licenses.dart
[   +1 ms] MetadataProvider: Loaded debug metadata for module: packages/flutter/src/foundation/key.dart
[        ] MetadataProvider: Loaded debug metadata for module: packages/flutter/src/foundation/_isolates_web.dart
[        ] MetadataProvider: Loaded debug metadata for module: packages/flutter/src/foundation/consolidate_response.dart
[        ] MetadataProvider: Loaded debug metadata for module: packages/flutter/src/foundation/collections.dart
[        ] MetadataProvider: Loaded debug metadata for module: packages/flutter/src/foundation/change_notifier.dart
[        ] MetadataProvider: Loaded debug metadata for module: packages/flutter/src/foundation/capabilities.dart
[        ] MetadataProvider: Loaded debug metadata for module: packages/flutter/src/foundation/_capabilities_web.dart
[        ] MetadataProvider: Loaded debug metadata for module: packages/flutter/src/foundation/_bitfield_web.dart
[        ] MetadataProvider: Loaded debug metadata for module: packages/flutter/src/foundation/binding.dart
[   +1 ms] MetadataProvider: Loaded debug metadata for module: packages/flutter/src/foundation/annotations.dart
[   +1 ms] MetadataProvider: Loaded debug metadata for module: packages/flutter/src/services/text_layout_metrics.dart
[   +1 ms] MetadataProvider: Loaded debug metadata for module: packages/flutter/src/services/text_editing.dart
[        ] MetadataProvider: Loaded debug metadata for module: packages/flutter/src/services/text_editing_delta.dart
[   +1 ms] MetadataProvider: Loaded debug metadata for module: packages/vector_math/vector_math_64.dart
[   +1 ms] MetadataProvider: Loaded debug metadata for module: packages/flutter/scheduler.dart
[   +1 ms] MetadataProvider: Loaded debug metadata for module: packages/flutter/src/scheduler/ticker.dart
[   +1 ms] MetadataProvider: Loaded debug metadata for module: packages/flutter/src/scheduler/binding.dart
[        ] MetadataProvider: Loaded debug metadata for module: packages/flutter/src/scheduler/priority.dart
[   +1 ms] MetadataProvider: Loaded debug metadata for module: packages/flutter/src/scheduler/service_extensions.dart
[   +1 ms] MetadataProvider: Loaded debug metadata for module: packages/flutter/src/scheduler/debug.dart
[        ] MetadataProvider: Loaded debug metadata for module: packages/collection/collection.dart
[        ] MetadataProvider: Loaded debug metadata for module: packages/collection/src/wrappers.dart
[        ] MetadataProvider: Loaded debug metadata for module: packages/collection/src/union_set_controller.dart
[        ] MetadataProvider: Loaded debug metadata for module: packages/collection/src/union_set.dart
[        ] MetadataProvider: Loaded debug metadata for module: packages/collection/src/queue_list.dart
[        ] MetadataProvider: Loaded debug metadata for module: packages/collection/src/priority_queue.dart
[        ] MetadataProvider: Loaded debug metadata for module: packages/collection/src/utils.dart
[        ] MetadataProvider: Loaded debug metadata for module: packages/collection/src/list_extensions.dart
[        ] MetadataProvider: Loaded debug metadata for module: packages/collection/src/equality.dart
[        ] MetadataProvider: Loaded debug metadata for module: packages/collection/src/comparators.dart
[        ] MetadataProvider: Loaded debug metadata for module: packages/collection/src/algorithms.dart
[        ] MetadataProvider: Loaded debug metadata for module: packages/collection/src/iterable_zip.dart
[        ] MetadataProvider: Loaded debug metadata for module: packages/collection/src/iterable_extensions.dart
[        ] MetadataProvider: Loaded debug metadata for module: packages/collection/src/functions.dart
[        ] MetadataProvider: Loaded debug metadata for module: packages/collection/src/equality_set.dart
[        ] MetadataProvider: Loaded debug metadata for module: packages/collection/src/equality_map.dart
[        ] MetadataProvider: Loaded debug metadata for module: packages/collection/src/combined_wrappers/combined_map.dart
[        ] MetadataProvider: Loaded debug metadata for module: packages/collection/src/combined_wrappers/combined_iterable.dart
[        ] MetadataProvider: Loaded debug metadata for module: packages/collection/src/combined_wrappers/combined_iterator.dart
[   +1 ms] MetadataProvider: Loaded debug metadata for module: packages/collection/src/combined_wrappers/combined_list.dart
[        ] MetadataProvider: Loaded debug metadata for module: packages/collection/src/canonicalized_map.dart
[        ] MetadataProvider: Loaded debug metadata for module: packages/collection/src/boollist.dart
[   +1 ms] MetadataProvider: Loaded debug metadata for module: packages/flutter/src/services/keyboard_key.g.dart
[   +1 ms] MetadataProvider: Loaded debug metadata for module: packages/flutter/src/services/keyboard_maps.g.dart
[        ] MetadataProvider: Loaded debug metadata for module: packages/flutter/src/services/binary_messenger.dart
[        ] MetadataProvider: Loaded debug metadata for module: packages/flutter/src/services/service_extensions.dart
[        ] MetadataProvider: Loaded debug metadata for module: packages/flutter/src/services/keyboard_inserted_content.dart
[        ] MetadataProvider: Loaded debug metadata for module: packages/flutter/src/services/text_formatter.dart
[   +1 ms] MetadataProvider: Loaded debug metadata for module: packages/characters/characters.dart
[        ] MetadataProvider: Loaded debug metadata for module: packages/characters/src/extensions.dart
[   +1 ms] MetadataProvider: Loaded debug metadata for module: packages/characters/src/characters_impl.dart
[        ] MetadataProvider: Loaded debug metadata for module: packages/characters/src/grapheme_clusters/table.dart
[   +1 ms] MetadataProvider: Loaded debug metadata for module: packages/characters/src/grapheme_clusters/constants.dart
[   +1 ms] MetadataProvider: Loaded debug metadata for module: packages/characters/src/grapheme_clusters/breaks.dart
[   +1 ms] MetadataProvider: Loaded debug metadata for module: packages/flutter/src/services/text_boundary.dart
[   +1 ms] MetadataProvider: Loaded debug metadata for module: packages/flutter/src/services/system_sound.dart
[   +1 ms] MetadataProvider: Loaded debug metadata for module: packages/flutter/src/services/system_navigator.dart
[   +1 ms] MetadataProvider: Loaded debug metadata for module: packages/flutter/src/services/spell_check.dart
[   +1 ms] MetadataProvider: Loaded debug metadata for module: packages/flutter/src/services/sensitive_content.dart
[        ] MetadataProvider: Loaded debug metadata for module: packages/flutter/src/services/scribe.dart
[        ] MetadataProvider: Loaded debug metadata for module: packages/flutter/src/services/process_text.dart
[        ] MetadataProvider: Loaded debug metadata for module: packages/flutter/src/services/predictive_back_event.dart
[   +1 ms] MetadataProvider: Loaded debug metadata for module: packages/flutter/src/services/platform_views.dart
[   +1 ms] MetadataProvider: Loaded debug metadata for module: packages/flutter/gestures.dart
[   +1 ms] MetadataProvider: Loaded debug metadata for module: packages/flutter/src/gestures/velocity_tracker.dart
[   +1 ms] MetadataProvider: Loaded debug metadata for module: packages/flutter/src/gestures/lsq_solver.dart
[   +1 ms] MetadataProvider: Loaded debug metadata for module: packages/flutter/src/gestures/events.dart
[   +1 ms] MetadataProvider: Loaded debug metadata for module: packages/flutter/src/gestures/gesture_settings.dart
[        ] MetadataProvider: Loaded debug metadata for module: packages/flutter/src/gestures/constants.dart
[        ] MetadataProvider: Loaded debug metadata for module: packages/flutter/src/gestures/binding.dart
[        ] MetadataProvider: Loaded debug metadata for module: packages/flutter/src/gestures/pointer_signal_resolver.dart
[        ] MetadataProvider: Loaded debug metadata for module: packages/flutter/src/gestures/pointer_router.dart
[   +1 ms] MetadataProvider: Loaded debug metadata for module: packages/flutter/src/gestures/hit_test.dart
[   +1 ms] MetadataProvider: Loaded debug metadata for module: packages/flutter/src/gestures/arena.dart
[        ] MetadataProvider: Loaded debug metadata for module: packages/flutter/src/gestures/debug.dart
[        ] MetadataProvider: Loaded debug metadata for module: packages/flutter/src/gestures/resampler.dart
[        ] MetadataProvider: Loaded debug metadata for module: packages/flutter/src/gestures/converter.dart
[   +1 ms] MetadataProvider: Loaded debug metadata for module: packages/flutter/src/gestures/team.dart
[   +1 ms] MetadataProvider: Loaded debug metadata for module: packages/flutter/src/gestures/tap_and_drag.dart
[   +1 ms] MetadataProvider: Loaded debug metadata for module: packages/flutter/src/gestures/tap.dart
[   +1 ms] MetadataProvider: Loaded debug metadata for module: packages/flutter/src/gestures/recognizer.dart
[        ] MetadataProvider: Loaded debug metadata for module: packages/flutter/src/gestures/gesture_details.dart
[   +1 ms] MetadataProvider: Loaded debug metadata for module: packages/flutter/src/gestures/scale.dart
[        ] MetadataProvider: Loaded debug metadata for module: packages/flutter/src/gestures/monodrag.dart
[        ] MetadataProvider: Loaded debug metadata for module: packages/flutter/src/gestures/drag_details.dart
[        ] MetadataProvider: Loaded debug metadata for module: packages/flutter/src/gestures/drag.dart
[   +1 ms] MetadataProvider: Loaded debug metadata for module: packages/flutter/src/gestures/multitap.dart
[   +1 ms] MetadataProvider: Loaded debug metadata for module: packages/flutter/src/gestures/multidrag.dart
[   +1 ms] MetadataProvider: Loaded debug metadata for module: packages/flutter/src/gestures/long_press.dart
[        ] MetadataProvider: Loaded debug metadata for module: packages/flutter/src/gestures/force_press.dart
[        ] MetadataProvider: Loaded debug metadata for module: packages/flutter/src/gestures/eager.dart
[   +1 ms] MetadataProvider: Loaded debug metadata for module: packages/flutter/src/services/mouse_tracking.dart
[        ] MetadataProvider: Loaded debug metadata for module: packages/flutter/src/services/mouse_cursor.dart
[        ] MetadataProvider: Loaded debug metadata for module: packages/flutter/src/services/live_text.dart
[   +1 ms] MetadataProvider: Loaded debug metadata for module: packages/flutter/src/services/haptic_feedback.dart
[   +1 ms] MetadataProvider: Loaded debug metadata for module: packages/flutter/src/services/font_loader.dart
[   +1 ms] MetadataProvider: Loaded debug metadata for module: packages/flutter/src/services/flutter_version.dart
[   +1 ms] MetadataProvider: Loaded debug metadata for module: packages/flutter/src/services/flavor.dart
[   +1 ms] MetadataProvider: Loaded debug metadata for module: packages/flutter/src/services/deferred_component.dart
[        ] MetadataProvider: Loaded debug metadata for module: packages/flutter/src/services/browser_context_menu.dart
[   +1 ms] MetadataProvider: Loaded debug metadata for module: packages/flutter/src/services/asset_manifest.dart
[        ] MetadataProvider: Loaded debug metadata for module: packages/flutter_web_plugins/src/plugin_event_channel.dart
[        ] MetadataProvider: Loaded debug metadata for module: packages/flutter_web_plugins/src/navigation/utils.dart
[        ] MetadataProvider: Loaded debug metadata for module: packages/flutter_web_plugins/src/navigation/url_strategy.dart
[        ] MetadataProvider: Loaded debug metadata for module: packages/shared_preferences_web/shared_preferences_web.dart
[        ] MetadataProvider: Loaded debug metadata for module: packages/shared_preferences_web/src/keys_extension.dart
[        ] MetadataProvider: Loaded debug metadata for module: packages/web/src/helpers/renames.dart
[        ] MetadataProvider: Loaded debug metadata for module: packages/web/src/helpers/lists.dart
[        ] MetadataProvider: Loaded debug metadata for module: packages/web/src/dom.dart
[        ] MetadataProvider: Loaded debug metadata for module: packages/web/src/dom/web_animations_2.dart
[        ] MetadataProvider: Loaded debug metadata for module: packages/web/src/dom/server_timing.dart
[   +1 ms] MetadataProvider: Loaded debug metadata for module: packages/web/src/dom/css_typed_om.dart
[        ] MetadataProvider: Loaded debug metadata for module: packages/web/src/dom/geometry.dart
[        ] MetadataProvider: Loaded debug metadata for module: packages/web/src/dom/pointerlock.dart
[        ] MetadataProvider: Loaded debug metadata for module: packages/web/src/dom/fullscreen.dart
[        ] MetadataProvider: Loaded debug metadata for module: packages/web/src/dom/css_view_transitions.dart
[        ] MetadataProvider: Loaded debug metadata for module: packages/web/src/dom/webidl.dart
[        ] MetadataProvider: Loaded debug metadata for module: packages/web/src/dom/webcryptoapi.dart
[        ] MetadataProvider: Loaded debug metadata for module: packages/web/src/dom/video_rvfc.dart
[        ] MetadataProvider: Loaded debug metadata for module: packages/web/src/dom/vibration.dart
[        ] MetadataProvider: Loaded debug metadata for module: packages/web/src/dom/trusted_types.dart
[        ] MetadataProvider: Loaded debug metadata for module: packages/web/src/dom/trust_token_api.dart
[        ] MetadataProvider: Loaded debug metadata for module: packages/web/src/dom/referrer_policy.dart
[        ] MetadataProvider: Loaded debug metadata for module: packages/web/src/dom/private_network_access.dart
[        ] MetadataProvider: Loaded debug metadata for module: packages/web/src/dom/attribution_reporting_api.dart
[        ] MetadataProvider: Loaded debug metadata for module: packages/web/src/dom/requestidlecallback.dart
[        ] MetadataProvider: Loaded debug metadata for module: packages/web/src/dom/mediasession.dart
[        ] MetadataProvider: Loaded debug metadata for module: packages/web/src/dom/screen_capture.dart
[   +1 ms] MetadataProvider: Loaded debug metadata for module: packages/web/src/dom/image_capture.dart
[        ] MetadataProvider: Loaded debug metadata for module: packages/web/src/dom/media_playback_quality.dart
[        ] MetadataProvider: Loaded debug metadata for module: packages/web/src/dom/entries_api.dart
[        ] MetadataProvider: Loaded debug metadata for module: packages/web/src/dom/fido.dart
[        ] MetadataProvider: Loaded debug metadata for module: packages/web/src/dom/web_otp.dart
[        ] MetadataProvider: Loaded debug metadata for module: packages/web/src/dom/fedcm.dart
[        ] MetadataProvider: Loaded debug metadata for module: packages/web/src/dom/digital_identities.dart
[        ] MetadataProvider: Loaded debug metadata for module: packages/web/src/dom/webxr_hand_input.dart
[        ] MetadataProvider: Loaded debug metadata for module: packages/web/src/dom/webvtt.dart
[        ] MetadataProvider: Loaded debug metadata for module: packages/web/src/dom/webtransport.dart
[        ] MetadataProvider: Loaded debug metadata for module: packages/web/src/dom/websockets.dart
[        ] MetadataProvider: Loaded debug metadata for module: packages/web/src/dom/webrtc_priority.dart
[        ] MetadataProvider: Loaded debug metadata for module: packages/web/src/dom/webrtc_identity.dart
[        ] MetadataProvider: Loaded debug metadata for module: packages/web/src/dom/webrtc_encoded_transform.dart
[        ] MetadataProvider: Loaded debug metadata for module: packages/web/src/dom/webrtc.dart
[        ] MetadataProvider: Loaded debug metadata for module: packages/web/src/dom/mst_content_hint.dart
[        ] MetadataProvider: Loaded debug metadata for module: packages/web/src/dom/webgpu.dart
[        ] MetadataProvider: Loaded debug metadata for module: packages/web/src/dom/webgl_multi_draw.dart
[        ] MetadataProvider: Loaded debug metadata for module: packages/web/src/dom/webgl1.dart
[        ] MetadataProvider: Loaded debug metadata for module: packages/web/src/dom/webgl_lose_context.dart
[        ] MetadataProvider: Loaded debug metadata for module: packages/web/src/dom/webgl_draw_buffers.dart
[        ] MetadataProvider: Loaded debug metadata for module: packages/web/src/dom/webgl_depth_texture.dart
[        ] MetadataProvider: Loaded debug metadata for module: packages/web/src/dom/webgl_debug_shaders.dart
[        ] MetadataProvider: Loaded debug metadata for module: packages/web/src/dom/webgl_debug_renderer_info.dart
[        ] MetadataProvider: Loaded debug metadata for module: packages/web/src/dom/webgl_compressed_texture_s3tc_srgb.dart
[        ] MetadataProvider: Loaded debug metadata for module: packages/web/src/dom/webgl_compressed_texture_s3tc.dart
[        ] MetadataProvider: Loaded debug metadata for module: packages/web/src/dom/webgl_compressed_texture_pvrtc.dart
[        ] MetadataProvider: Loaded debug metadata for module: packages/web/src/dom/webgl_compressed_texture_etc1.dart
[        ] MetadataProvider: Loaded debug metadata for module: packages/web/src/dom/webgl_compressed_texture_etc.dart
[        ] MetadataProvider: Loaded debug metadata for module: packages/web/src/dom/webgl_compressed_texture_astc.dart
[        ] MetadataProvider: Loaded debug metadata for module: packages/web/src/dom/webgl_color_buffer_float.dart
[        ] MetadataProvider: Loaded debug metadata for module: packages/web/src/dom/webgl2.dart
[        ] MetadataProvider: Loaded debug metadata for module: packages/web/src/dom/webcodecs_vp9_codec_registration.dart
[        ] MetadataProvider: Loaded debug metadata for module: packages/web/src/dom/webcodecs_hevc_codec_registration.dart
[        ] MetadataProvider: Loaded debug metadata for module: packages/web/src/dom/webcodecs_avc_codec_registration.dart
[        ] MetadataProvider: Loaded debug metadata for module: packages/web/src/dom/webcodecs_av1_codec_registration.dart
[        ] MetadataProvider: Loaded debug metadata for module: packages/web/src/dom/webcodecs.dart
[        ] MetadataProvider: Loaded debug metadata for module: packages/web/src/dom/webaudio.dart
[        ] MetadataProvider: Loaded debug metadata for module: packages/web/src/dom/web_bluetooth.dart
[        ] MetadataProvider: Loaded debug metadata for module: packages/web/src/dom/wasm_js_api.dart
[        ] MetadataProvider: Loaded debug metadata for module: packages/web/src/dom/url.dart
[        ] MetadataProvider: Loaded debug metadata for module: packages/web/src/dom/touch_events.dart
[        ] MetadataProvider: Loaded debug metadata for module: packages/web/src/dom/svg_animations.dart
[        ] MetadataProvider: Loaded debug metadata for module: packages/web/src/dom/sanitizer_api.dart
[        ] MetadataProvider: Loaded debug metadata for module: packages/web/src/dom/saa_non_cookie_storage.dart
[        ] MetadataProvider: Loaded debug metadata for module: packages/web/src/dom/resize_observer.dart
[        ] MetadataProvider: Loaded debug metadata for module: packages/web/src/dom/reporting.dart
[        ] MetadataProvider: Loaded debug metadata for module: packages/web/src/dom/pointerevents.dart
[        ] MetadataProvider: Loaded debug metadata for module: packages/web/src/dom/paint_timing.dart
[        ] MetadataProvider: Loaded debug metadata for module: packages/web/src/dom/ovr_multiview2.dart
[        ] MetadataProvider: Loaded debug metadata for module: packages/web/src/dom/orientation_sensor.dart
[        ] MetadataProvider: Loaded debug metadata for module: packages/web/src/dom/generic_sensor.dart
[        ] MetadataProvider: Loaded debug metadata for module: packages/web/src/dom/orientation_event.dart
[        ] MetadataProvider: Loaded debug metadata for module: packages/web/src/dom/oes_vertex_array_object.dart
[        ] MetadataProvider: Loaded debug metadata for module: packages/web/src/dom/oes_texture_half_float_linear.dart
[        ] MetadataProvider: Loaded debug metadata for module: packages/web/src/dom/oes_texture_half_float.dart
[        ] MetadataProvider: Loaded debug metadata for module: packages/web/src/dom/oes_texture_float_linear.dart
[        ] MetadataProvider: Loaded debug metadata for module: packages/web/src/dom/oes_texture_float.dart
[        ] MetadataProvider: Loaded debug metadata for module: packages/web/src/dom/oes_standard_derivatives.dart
[        ] MetadataProvider: Loaded debug metadata for module: packages/web/src/dom/oes_fbo_render_mipmap.dart
[        ] MetadataProvider: Loaded debug metadata for module: packages/web/src/dom/oes_element_index_uint.dart
[        ] MetadataProvider: Loaded debug metadata for module: packages/web/src/dom/oes_draw_buffers_indexed.dart
[        ] MetadataProvider: Loaded debug metadata for module: packages/web/src/dom/mediastream_recording.dart
[        ] MetadataProvider: Loaded debug metadata for module: packages/web/src/dom/mediacapture_transform.dart
[        ] MetadataProvider: Loaded debug metadata for module: packages/web/src/dom/mediacapture_fromelement.dart
[        ] MetadataProvider: Loaded debug metadata for module: packages/web/src/dom/mathml_core.dart
[        ] MetadataProvider: Loaded debug metadata for module: packages/web/src/dom/largest_contentful_paint.dart
[        ] MetadataProvider: Loaded debug metadata for module: packages/web/src/dom/khr_parallel_shader_compile.dart
[        ] MetadataProvider: Loaded debug metadata for module: packages/web/src/dom/intersection_observer.dart
[        ] MetadataProvider: Loaded debug metadata for module: packages/web/src/dom/gyroscope.dart
[        ] MetadataProvider: Loaded debug metadata for module: packages/web/src/dom/filter_effects.dart
[   +1 ms] MetadataProvider: Loaded debug metadata for module: packages/web/src/dom/ext_texture_norm16.dart
[   +1 ms] MetadataProvider: Loaded debug metadata for module: packages/web/src/dom/ext_texture_filter_anisotropic.dart
[   +1 ms] MetadataProvider: Loaded debug metadata for module: packages/web/src/dom/ext_texture_compression_rgtc.dart
[        ] MetadataProvider: Loaded debug metadata for module: packages/web/src/dom/ext_texture_compression_bptc.dart
[        ] MetadataProvider: Loaded debug metadata for module: packages/web/src/dom/ext_srgb.dart
[        ] MetadataProvider: Loaded debug metadata for module: packages/web/src/dom/ext_shader_texture_lod.dart
[        ] MetadataProvider: Loaded debug metadata for module: packages/web/src/dom/ext_frag_depth.dart
[        ] MetadataProvider: Loaded debug metadata for module: packages/web/src/dom/ext_float_blend.dart
[        ] MetadataProvider: Loaded debug metadata for module: packages/web/src/dom/ext_disjoint_timer_query_webgl2.dart
[        ] MetadataProvider: Loaded debug metadata for module: packages/web/src/dom/ext_disjoint_timer_query.dart
[        ] MetadataProvider: Loaded debug metadata for module: packages/web/src/dom/ext_color_buffer_half_float.dart
[        ] MetadataProvider: Loaded debug metadata for module: packages/web/src/dom/ext_color_buffer_float.dart
[        ] MetadataProvider: Loaded debug metadata for module: packages/web/src/dom/ext_blend_minmax.dart
[        ] MetadataProvider: Loaded debug metadata for module: packages/web/src/dom/encoding.dart
[        ] MetadataProvider: Loaded debug metadata for module: packages/web/src/dom/dom_parsing.dart
[        ] MetadataProvider: Loaded debug metadata for module: packages/web/src/dom/css_view_transitions_2.dart
[        ] MetadataProvider: Loaded debug metadata for module: packages/web/src/dom/css_transitions_2.dart
[        ] MetadataProvider: Loaded debug metadata for module: packages/web/src/dom/css_transitions.dart
[        ] MetadataProvider: Loaded debug metadata for module: packages/web/src/dom/css_paint_api.dart
[        ] MetadataProvider: Loaded debug metadata for module: packages/web/src/dom/css_masking.dart
[        ] MetadataProvider: Loaded debug metadata for module: packages/web/src/dom/css_fonts.dart
[        ] MetadataProvider: Loaded debug metadata for module: packages/web/src/dom/css_counter_styles.dart
[        ] MetadataProvider: Loaded debug metadata for module: packages/web/src/dom/css_contain.dart
[   +1 ms] MetadataProvider: Loaded debug metadata for module: packages/web/src/dom/css_conditional_5.dart
[        ] MetadataProvider: Loaded debug metadata for module: packages/web/src/dom/css_conditional.dart
[        ] MetadataProvider: Loaded debug metadata for module: packages/web/src/dom/css_cascade_6.dart
[   +1 ms] MetadataProvider: Loaded debug metadata for module: packages/web/src/dom/css_cascade.dart
[        ] MetadataProvider: Loaded debug metadata for module: packages/web/src/dom/css_animations_2.dart
[   +1 ms] MetadataProvider: Loaded debug metadata for module: packages/web/src/dom/css_animations.dart
[   +1 ms] MetadataProvider: Loaded debug metadata for module: packages/web/src/dom/csp.dart
[   +1 ms] MetadataProvider: Loaded debug metadata for module: packages/web/src/dom/cookie_store.dart
[   +1 ms] MetadataProvider: Loaded debug metadata for module: packages/web/src/dom/console.dart
[   +1 ms] MetadataProvider: Loaded debug metadata for module: packages/web/src/dom/compression.dart
[        ] MetadataProvider: Loaded debug metadata for module: packages/web/src/dom/angle_instanced_arrays.dart
[        ] MetadataProvider: Loaded debug metadata for module: packages/web/src/dom/accelerometer.dart
[        ] MetadataProvider: Loaded debug metadata for module: packages/web/src/helpers/enums.dart
[   +1 ms] MetadataProvider: Loaded debug metadata for module: packages/web/src/helpers/extensions.dart
[   +1 ms] MetadataProvider: Loaded debug metadata for module: packages/web/src/helpers/cross_origin.dart
[   +1 ms] MetadataProvider: Loaded debug metadata for module: packages/shared_preferences_platform_interface/types.dart
[   +1 ms] MetadataProvider: Loaded debug metadata for module: packages/shared_preferences_platform_interface/method_channel_shared_preferences.dart
[   +2 ms] MetadataProvider: Loaded debug metadata for module: packages/plugin_platform_interface/plugin_platform_interface.dart
[   +1 ms] MetadataProvider: Loaded debug metadata for module: packages/shared_preferences_platform_interface/shared_preferences_async_platform_interface.dart
[   +1 ms] MetadataProvider: Loaded debug metadata for module: packages/firebase_core_web/firebase_core_web.dart
[   +1 ms] MetadataProvider: Loaded debug metadata for module: packages/firebase_core_web/src/interop/app_interop.dart
[   +1 ms] MetadataProvider: Loaded debug metadata for module: packages/firebase_core_web/src/interop/utils/utils.dart
[   +1 ms] MetadataProvider: Loaded debug metadata for module: packages/firebase_core_web/src/interop/utils/func.dart
[        ] MetadataProvider: Loaded debug metadata for module: packages/firebase_core_web/src/interop/utils/js.dart
[        ] MetadataProvider: Loaded debug metadata for module: packages/firebase_core_web/src/interop/utils/es6_interop.dart
[        ] MetadataProvider: Loaded debug metadata for module: packages/firebase_core_platform_interface/firebase_core_platform_interface.dart
[        ] MetadataProvider: Loaded debug metadata for module: packages/firebase_core_platform_interface/src/pigeon/messages.pigeon.dart
[        ] MetadataProvider: Loaded debug metadata for module: packages/firebase_core_web/src/interop/package_web_tweaks.dart
[   +1 ms] MetadataProvider: Loaded debug metadata for module: packages/cloud_firestore_web/src/write_batch_web.dart
[        ] MetadataProvider: Loaded debug metadata for module: packages/cloud_firestore_platform_interface/src/platform_interface/utils/load_bundle_task_state.dart
[        ] MetadataProvider: Loaded debug metadata for module: packages/cloud_firestore_platform_interface/src/vector_value.dart
[        ] MetadataProvider: Loaded debug metadata for module: packages/cloud_firestore_platform_interface/src/timestamp.dart
[   +1 ms] MetadataProvider: Loaded debug metadata for module: packages/cloud_firestore_platform_interface/src/snapshot_metadata.dart
[   +1 ms] MetadataProvider: Loaded debug metadata for module: packages/cloud_firestore_platform_interface/src/settings.dart
[        ] MetadataProvider: Loaded debug metadata for module: packages/cloud_firestore_platform_interface/src/set_options.dart
[        ] MetadataProvider: Loaded debug metadata for module: packages/cloud_firestore_platform_interface/src/field_path.dart
[   +1 ms] MetadataProvider: Loaded debug metadata for module: packages/cloud_firestore_platform_interface/src/field_path_type.dart
[   +2 ms] MetadataProvider: Loaded debug metadata for module: packages/flutter/src/cupertino/text_form_field_row.dart
[   +1 ms] MetadataProvider: Loaded debug metadata for module: packages/flutter/painting.dart
[        ] MetadataProvider: Loaded debug metadata for module: packages/flutter/src/painting/placeholder_span.dart
[        ] MetadataProvider: Loaded debug metadata for module: packages/flutter/src/painting/text_scaler.dart
[        ] MetadataProvider: Loaded debug metadata for module: packages/flutter/src/painting/basic_types.dart
[        ] MetadataProvider: Loaded debug metadata for module: packages/flutter/src/painting/colors.dart
[        ] MetadataProvider: Loaded debug metadata for module: packages/flutter/src/painting/star_border.dart
[        ] MetadataProvider: Loaded debug metadata for module: packages/flutter/src/painting/stadium_border.dart
[        ] MetadataProvider: Loaded debug metadata for module: packages/flutter/src/painting/rounded_rectangle_border.dart
[        ] MetadataProvider: Loaded debug metadata for module: packages/flutter/src/painting/circle_border.dart
[        ] MetadataProvider: Loaded debug metadata for module: packages/flutter/src/painting/borders.dart
[        ] MetadataProvider: Loaded debug metadata for module: packages/flutter/src/painting/edge_insets.dart
[        ] MetadataProvider: Loaded debug metadata for module: packages/flutter/src/painting/debug.dart
[        ] MetadataProvider: Loaded debug metadata for module: packages/flutter/src/painting/border_radius.dart
[        ] MetadataProvider: Loaded debug metadata for module: packages/flutter/src/painting/shape_decoration.dart
[        ] MetadataProvider: Loaded debug metadata for module: packages/flutter/src/painting/_network_image_web.dart
[   +1 ms] MetadataProvider: Loaded debug metadata for module: packages/flutter/src/painting/image_stream.dart
[        ] MetadataProvider: Loaded debug metadata for module: packages/flutter/src/painting/image_cache.dart
[        ] MetadataProvider: Loaded debug metadata for module: packages/flutter/src/painting/binding.dart
[        ] MetadataProvider: Loaded debug metadata for module: packages/flutter/src/painting/shader_warm_up.dart
[        ] MetadataProvider: Loaded debug metadata for module: packages/flutter/src/painting/_web_image_info_web.dart
[        ] MetadataProvider: Loaded debug metadata for module: packages/flutter/src/web.dart
[        ] MetadataProvider: Loaded debug metadata for module: packages/flutter/src/painting/gradient.dart
[        ] MetadataProvider: Loaded debug metadata for module: packages/flutter/src/painting/alignment.dart
[        ] MetadataProvider: Loaded debug metadata for module: packages/flutter/src/painting/decoration_image.dart
[        ] MetadataProvider: Loaded debug metadata for module: packages/flutter/src/painting/box_fit.dart
[        ] MetadataProvider: Loaded debug metadata for module: packages/flutter/src/painting/decoration.dart
[        ] MetadataProvider: Loaded debug metadata for module: packages/flutter/src/painting/box_shadow.dart
[        ] MetadataProvider: Loaded debug metadata for module: packages/flutter/src/painting/box_decoration.dart
[        ] MetadataProvider: Loaded debug metadata for module: packages/flutter/src/painting/box_border.dart
[   +2 ms] MetadataProvider: Loaded debug metadata for module: packages/flutter/src/painting/paint_utilities.dart
[   +1 ms] MetadataProvider: Loaded debug metadata for module: packages/flutter/src/painting/oval_border.dart
[        ] MetadataProvider: Loaded debug metadata for module: packages/flutter/src/painting/notched_shapes.dart
[        ] MetadataProvider: Loaded debug metadata for module: packages/flutter/src/painting/matrix_utils.dart
[        ] MetadataProvider: Loaded debug metadata for module: packages/flutter/src/painting/linear_border.dart
[        ] MetadataProvider: Loaded debug metadata for module: packages/flutter/src/painting/image_resolution.dart
[        ] MetadataProvider: Loaded debug metadata for module: packages/flutter/src/painting/image_decoder.dart
[   +1 ms] MetadataProvider: Loaded debug metadata for module: packages/flutter/src/painting/geometry.dart
[        ] MetadataProvider: Loaded debug metadata for module: packages/flutter/src/painting/fractional_offset.dart
[        ] MetadataProvider: Loaded debug metadata for module: packages/flutter/src/painting/flutter_logo.dart
[        ] MetadataProvider: Loaded debug metadata for module: packages/flutter/src/painting/continuous_rectangle_border.dart
[        ] MetadataProvider: Loaded debug metadata for module: packages/flutter/src/painting/clip.dart
[        ] MetadataProvider: Loaded debug metadata for module: packages/flutter/src/painting/beveled_rectangle_border.dart
[        ] MetadataProvider: Loaded debug metadata for module: packages/flutter/src/rendering/service_extensions.dart
[        ] MetadataProvider: Loaded debug metadata for module: packages/flutter/semantics.dart
[        ] MetadataProvider: Loaded debug metadata for module: packages/flutter/src/semantics/semantics_service.dart
[        ] MetadataProvider: Loaded debug metadata for module: packages/flutter/src/semantics/semantics_event.dart
[        ] MetadataProvider: Loaded debug metadata for module: packages/flutter/src/semantics/semantics.dart
[        ] MetadataProvider: Loaded debug metadata for module: packages/flutter/src/semantics/binding.dart
[   +1 ms] MetadataProvider: Loaded debug metadata for module: packages/flutter/src/semantics/debug.dart
[   +1 ms] MetadataProvider: Loaded debug metadata for module: packages/flutter/physics.dart
[        ] MetadataProvider: Loaded debug metadata for module: packages/flutter/src/physics/utils.dart
[   +1 ms] MetadataProvider: Loaded debug metadata for module: packages/flutter/src/physics/tolerance.dart
[        ] MetadataProvider: Loaded debug metadata for module: packages/flutter/src/physics/spring_simulation.dart
[        ] MetadataProvider: Loaded debug metadata for module: packages/flutter/src/physics/simulation.dart
[        ] MetadataProvider: Loaded debug metadata for module: packages/flutter/src/physics/gravity_simulation.dart
[        ] MetadataProvider: Loaded debug metadata for module: packages/flutter/src/physics/friction_simulation.dart
[        ] MetadataProvider: Loaded debug metadata for module: packages/flutter/src/physics/clamped_simulation.dart
[        ] MetadataProvider: Loaded debug metadata for module: packages/flutter/src/rendering/table_border.dart
[   +1 ms] MetadataProvider: Loaded debug metadata for module: packages/flutter/src/rendering/image_filter_config.dart
[        ] MetadataProvider: Loaded debug metadata for module: packages/flutter/src/widgets/scroll_simulation.dart
[        ] MetadataProvider: Loaded debug metadata for module: packages/flutter/src/widgets/service_extensions.dart
[        ] MetadataProvider: Loaded debug metadata for module: packages/flutter/src/widgets/constants.dart
[        ] MetadataProvider: Loaded debug metadata for module: packages/flutter/src/widgets/_web_browser_detection_web.dart
[        ] MetadataProvider: Loaded debug metadata for module: packages/flutter/src/foundation/_features.dart
[        ] MetadataProvider: Loaded debug metadata for module: packages/flutter/src/widgets/icon_data.dart
[        ] MetadataProvider: Loaded debug metadata for module: packages/flutter/src/widgets/standard_component_type.dart
[        ] MetadataProvider: Loaded debug metadata for module: packages/flutter/src/widgets/date.dart
[   +1 ms] MetadataProvider: Loaded debug metadata for module: packages/cloud_firestore_platform_interface/src/platform_interface/platform_interface_persistent_cache_index_manager.dart
[   +1 ms] MetadataProvider: Loaded debug metadata for module: packages/cloud_firestore_platform_interface/src/platform_interface/platform_interface_load_bundle_task.dart
[   +1 ms] MetadataProvider: Loaded debug metadata for module: packages/cloud_firestore_platform_interface/src/platform_interface/platform_interface_index_definitions.dart
[   +1 ms] MetadataProvider: Loaded debug metadata for module: packages/cloud_firestore_platform_interface/src/method_channel/utils/exception.dart
[        ] MetadataProvider: Loaded debug metadata for module: packages/_flutterfire_internals/_flutterfire_internals.dart
[        ] MetadataProvider: Loaded debug metadata for module: packages/_flutterfire_internals/src/exception.dart
[   +1 ms] MetadataProvider: Loaded debug metadata for module: packages/firebase_core/firebase_core.dart
[        ] MetadataProvider: Loaded debug metadata for module: packages/_flutterfire_internals/src/js_interop.dart
[        ] MetadataProvider: Loaded debug metadata for module: packages/cloud_firestore_platform_interface/src/internal/pointer.dart
[        ] MetadataProvider: Loaded debug metadata for module: packages/flutter/material.dart
[        ] MetadataProvider: Loaded debug metadata for module: packages/flutter/src/material/user_accounts_drawer_header.dart
[   +1 ms] MetadataProvider: Loaded debug metadata for module: packages/flutter/src/material/time.dart
[        ] MetadataProvider: Loaded debug metadata for module: packages/flutter/src/material/colors.dart
[        ] MetadataProvider: Loaded debug metadata for module: packages/material_color_utilities/material_color_utilities.dart
[        ] MetadataProvider: Loaded debug metadata for module: packages/material_color_utilities/utils/string_utils.dart
[        ] MetadataProvider: Loaded debug metadata for module: packages/material_color_utilities/utils/color_utils.dart
[        ] MetadataProvider: Loaded debug metadata for module: packages/material_color_utilities/utils/math_utils.dart
[        ] MetadataProvider: Loaded debug metadata for module: packages/material_color_utilities/temperature/temperature_cache.dart
[        ] MetadataProvider: Loaded debug metadata for module: packages/material_color_utilities/hct/hct.dart
[        ] MetadataProvider: Loaded debug metadata for module: packages/material_color_utilities/hct/viewing_conditions.dart
[        ] MetadataProvider: Loaded debug metadata for module: packages/material_color_utilities/hct/src/hct_solver.dart
[        ] MetadataProvider: Loaded debug metadata for module: packages/material_color_utilities/hct/cam16.dart
[        ] MetadataProvider: Loaded debug metadata for module: packages/material_color_utilities/score/score.dart
[        ] MetadataProvider: Loaded debug metadata for module: packages/material_color_utilities/scheme/scheme_vibrant.dart
[        ] MetadataProvider: Loaded debug metadata for module: packages/material_color_utilities/palettes/tonal_palette.dart
[        ] MetadataProvider: Loaded debug metadata for module: packages/material_color_utilities/dynamiccolor/variant.dart
[        ] MetadataProvider: Loaded debug metadata for module: packages/material_color_utilities/dynamiccolor/src/tone_delta_pair.dart
[        ] MetadataProvider: Loaded debug metadata for module: packages/material_color_utilities/dynamiccolor/src/contrast_curve.dart
[        ] MetadataProvider: Loaded debug metadata for module: packages/material_color_utilities/contrast/contrast.dart
[        ] MetadataProvider: Loaded debug metadata for module: packages/material_color_utilities/dislike/dislike_analyzer.dart
[        ] MetadataProvider: Loaded debug metadata for module: packages/material_color_utilities/scheme/scheme_tonal_spot.dart
[        ] MetadataProvider: Loaded debug metadata for module: packages/material_color_utilities/scheme/scheme_rainbow.dart
[        ] MetadataProvider: Loaded debug metadata for module: packages/material_color_utilities/scheme/scheme_neutral.dart
[        ] MetadataProvider: Loaded debug metadata for module: packages/material_color_utilities/scheme/scheme_monochrome.dart
[        ] MetadataProvider: Loaded debug metadata for module: packages/material_color_utilities/scheme/scheme_fruit_salad.dart
[        ] MetadataProvider: Loaded debug metadata for module: packages/material_color_utilities/scheme/scheme_fidelity.dart
[        ] MetadataProvider: Loaded debug metadata for module: packages/material_color_utilities/scheme/scheme_expressive.dart
[        ] MetadataProvider: Loaded debug metadata for module: packages/material_color_utilities/scheme/scheme_content.dart
[        ] MetadataProvider: Loaded debug metadata for module: packages/material_color_utilities/scheme/scheme.dart
[        ] MetadataProvider: Loaded debug metadata for module: packages/material_color_utilities/palettes/core_palette.dart
[   +1 ms] MetadataProvider: Loaded debug metadata for module: packages/material_color_utilities/quantize/quantizer_wu.dart
[        ] MetadataProvider: Loaded debug metadata for module: packages/material_color_utilities/quantize/quantizer_map.dart
[        ] MetadataProvider: Loaded debug metadata for module: packages/material_color_utilities/quantize/quantizer.dart
[        ] MetadataProvider: Loaded debug metadata for module: packages/material_color_utilities/quantize/quantizer_wsmeans.dart
[        ] MetadataProvider: Loaded debug metadata for module: packages/material_color_utilities/quantize/src/point_provider_lab.dart
[        ] MetadataProvider: Loaded debug metadata for module: packages/material_color_utilities/quantize/src/point_provider.dart
[        ] MetadataProvider: Loaded debug metadata for module: packages/material_color_utilities/quantize/quantizer_celebi.dart
[        ] MetadataProvider: Loaded debug metadata for module: packages/material_color_utilities/blend/blend.dart
[        ] MetadataProvider: Loaded debug metadata for module: packages/flutter/src/material/material_state.dart
[        ] MetadataProvider: Loaded debug metadata for module: packages/flutter/src/material/input_border.dart
[        ] MetadataProvider: Loaded debug metadata for module: packages/flutter/src/material/constants.dart
[        ] MetadataProvider: Loaded debug metadata for module: packages/flutter/src/material/tooltip_visibility.dart
[        ] MetadataProvider: Loaded debug metadata for module: packages/flutter/src/material/icons.dart
[        ] MetadataProvider: Loaded debug metadata for module: packages/flutter/src/material/material_state_mixin.dart
[        ] MetadataProvider: Loaded debug metadata for module: packages/flutter/src/material/curves.dart
[        ] MetadataProvider: Loaded debug metadata for module: packages/flutter/src/material/motion.dart
[        ] MetadataProvider: Loaded debug metadata for module: packages/flutter/src/material/bottom_sheet_theme.dart
[        ] MetadataProvider: Loaded debug metadata for module: packages/flutter/src/material/tab_indicator.dart
[        ] MetadataProvider: Loaded debug metadata for module: packages/flutter/src/material/tab_controller.dart
[        ] MetadataProvider: Loaded debug metadata for module: packages/flutter/src/material/drawer_header.dart
[        ] MetadataProvider: Loaded debug metadata for module: packages/flutter/src/material/toggle_buttons.dart
[        ] MetadataProvider: Loaded debug metadata for module: packages/flutter/src/material/time_picker.dart
[        ] MetadataProvider: Loaded debug metadata for module: packages/flutter/src/material/text_form_field.dart
[        ] MetadataProvider: Loaded debug metadata for module: packages/flutter/src/material/text_field.dart
[        ] MetadataProvider: Loaded debug metadata for module: packages/flutter/src/material/text_selection.dart
[        ] MetadataProvider: Loaded debug metadata for module: packages/flutter/src/material/text_selection_toolbar_text_button.dart
[        ] MetadataProvider: Loaded debug metadata for module: packages/flutter/src/material/text_selection_toolbar.dart
[   +1 ms] MetadataProvider: Loaded debug metadata for module: packages/flutter/src/material/spell_check_suggestions_toolbar.dart
[   +1 ms] MetadataProvider: Loaded debug metadata for module: packages/flutter/src/material/spell_check_suggestions_toolbar_layout_delegate.dart
[   +2 ms] MetadataProvider: Loaded debug metadata for module: packages/flutter/src/material/adaptive_text_selection_toolbar.dart
[        ] MetadataProvider: Loaded debug metadata for module: packages/flutter/src/material/desktop_text_selection_toolbar_button.dart
[        ] MetadataProvider: Loaded debug metadata for module: packages/flutter/src/material/desktop_text_selection_toolbar.dart
[        ] MetadataProvider: Loaded debug metadata for module: packages/flutter/src/material/selectable_text.dart
[        ] MetadataProvider: Loaded debug metadata for module: packages/flutter/src/material/magnifier.dart
[        ] MetadataProvider: Loaded debug metadata for module: packages/flutter/src/material/desktop_text_selection.dart
[        ] MetadataProvider: Loaded debug metadata for module: packages/flutter/src/material/dialog.dart
[        ] MetadataProvider: Loaded debug metadata for module: packages/flutter/src/material/switch_list_tile.dart
[        ] MetadataProvider: Loaded debug metadata for module: packages/flutter/src/material/switch.dart
[        ] MetadataProvider: Loaded debug metadata for module: packages/flutter/src/material/shadows.dart
[        ] MetadataProvider: Loaded debug metadata for module: packages/flutter/src/material/stepper.dart
[        ] MetadataProvider: Loaded debug metadata for module: packages/flutter/src/material/selection_area.dart
[        ] MetadataProvider: Loaded debug metadata for module: packages/flutter/src/material/segmented_button.dart
[        ] MetadataProvider: Loaded debug metadata for module: packages/flutter/src/material/search_anchor.dart
[        ] MetadataProvider: Loaded debug metadata for module: packages/flutter/src/material/back_button.dart
[        ] MetadataProvider: Loaded debug metadata for module: packages/flutter/src/material/search.dart
[        ] MetadataProvider: Loaded debug metadata for module: packages/flutter/src/material/reorderable_list.dart
[        ] MetadataProvider: Loaded debug metadata for module: packages/flutter/src/material/refresh_indicator.dart
[        ] MetadataProvider: Loaded debug metadata for module: packages/flutter/src/material/progress_indicator.dart
[   +1 ms] MetadataProvider: Loaded debug metadata for module: packages/flutter/src/material/range_slider.dart
[   +1 ms] MetadataProvider: Loaded debug metadata for module: packages/flutter/src/material/radio_list_tile.dart
[   +1 ms] MetadataProvider: Loaded debug metadata for module: packages/flutter/src/material/popup_menu.dart
[   +1 ms] MetadataProvider: Loaded debug metadata for module: packages/flutter/src/material/paginated_data_table.dart
[   +1 ms] MetadataProvider: Loaded debug metadata for module: packages/flutter/src/material/dropdown.dart
[        ] MetadataProvider: Loaded debug metadata for module: packages/flutter/src/material/data_table_source.dart
[        ] MetadataProvider: Loaded debug metadata for module: packages/flutter/src/material/data_table.dart
[        ] MetadataProvider: Loaded debug metadata for module: packages/flutter/src/material/card.dart
[        ] MetadataProvider: Loaded debug metadata for module: packages/flutter/src/material/page.dart
[        ] MetadataProvider: Loaded debug metadata for module: packages/flutter/src/material/no_splash.dart
[        ] MetadataProvider: Loaded debug metadata for module: packages/flutter/src/material/mergeable_material.dart
[        ] MetadataProvider: Loaded debug metadata for module: packages/flutter/src/material/input_date_picker_form_field.dart
[        ] MetadataProvider: Loaded debug metadata for module: packages/flutter/src/material/date.dart
[        ] MetadataProvider: Loaded debug metadata for module: packages/flutter/src/material/input_chip.dart
[        ] MetadataProvider: Loaded debug metadata for module: packages/flutter/src/material/chip.dart
[        ] MetadataProvider: Loaded debug metadata for module: packages/flutter/src/material/grid_tile_bar.dart
[        ] MetadataProvider: Loaded debug metadata for module: packages/flutter/src/material/grid_tile.dart
[        ] MetadataProvider: Loaded debug metadata for module: packages/flutter/src/material/filter_chip.dart
[        ] MetadataProvider: Loaded debug metadata for module: packages/flutter/src/material/expansion_tile.dart
[        ] MetadataProvider: Loaded debug metadata for module: packages/flutter/src/material/expansion_panel.dart
[        ] MetadataProvider: Loaded debug metadata for module: packages/flutter/src/material/expand_icon.dart
[        ] MetadataProvider: Loaded debug metadata for module: packages/flutter/src/material/dropdown_menu_form_field.dart
[        ] MetadataProvider: Loaded debug metadata for module: packages/flutter/src/material/dropdown_menu.dart
[        ] MetadataProvider: Loaded debug metadata for module: packages/flutter/src/material/date_picker.dart
[        ] MetadataProvider: Loaded debug metadata for module: packages/flutter/src/material/calendar_date_picker.dart
[        ] MetadataProvider: Loaded debug metadata for module: packages/flutter/src/material/circle_avatar.dart
[        ] MetadataProvider: Loaded debug metadata for module: packages/flutter/src/material/choice_chip.dart
[        ] MetadataProvider: Loaded debug metadata for module: packages/flutter/src/material/checkbox_list_tile.dart
[        ] MetadataProvider: Loaded debug metadata for module: packages/flutter/src/material/button_bar.dart
[        ] MetadataProvider: Loaded debug metadata for module: packages/flutter/src/material/bottom_app_bar.dart
[        ] MetadataProvider: Loaded debug metadata for module: packages/flutter/src/material/badge.dart
[        ] MetadataProvider: Loaded debug metadata for module: packages/flutter/src/material/autocomplete.dart
[        ] MetadataProvider: Loaded debug metadata for module: packages/flutter/src/material/arc.dart
[        ] MetadataProvider: Loaded debug metadata for module: packages/flutter/src/material/app.dart
[        ] MetadataProvider: Loaded debug metadata for module: packages/flutter/src/material/animated_icons.dart
[        ] MetadataProvider: Loaded debug metadata for module: packages/flutter/src/material/action_chip.dart
[        ] MetadataProvider: Loaded debug metadata for module: packages/flutter/src/material/about.dart
[        ] MetadataProvider: Loaded debug metadata for module: packages/cloud_firestore_platform_interface/src/method_channel/method_channel_field_value.dart
[        ] MetadataProvider: Loaded debug metadata for module: packages/cloud_firestore_platform_interface/src/platform_interface/platform_interface_field_value.dart
[        ] MetadataProvider: Loaded debug metadata for module: packages/cloud_firestore_platform_interface/src/method_channel/utils/auto_id_generator.dart
[        ] MetadataProvider: Loaded debug metadata for module: packages/cloud_firestore_platform_interface/src/persistence_settings.dart
[        ] MetadataProvider: Loaded debug metadata for module: packages/cloud_firestore_platform_interface/src/load_bundle_task_state.dart
[        ] MetadataProvider: Loaded debug metadata for module: packages/cloud_firestore_platform_interface/src/geo_point.dart
[        ] MetadataProvider: Loaded debug metadata for module: packages/cloud_firestore_platform_interface/src/filters.dart
[        ] MetadataProvider: Loaded debug metadata for module: packages/cloud_firestore_platform_interface/src/blob.dart
[        ] MetadataProvider: Loaded debug metadata for module: packages/cloud_firestore_web/src/internals.dart
[        ] MetadataProvider: Loaded debug metadata for module: packages/trade_desk/main.dart
[        ] MetadataProvider: Loaded debug metadata for module: packages/trade_desk/firebase_options.dart
[        ] MetadataProvider: Loaded debug metadata for module: packages/trade_desk/app/app.dart
[        ] MetadataProvider: Loaded debug metadata for module: packages/trade_desk/features/settings/data/settings_state.dart
[        ] MetadataProvider: Loaded debug metadata for module: packages/trade_desk/features/settings/data/settings_storage.dart
[        ] MetadataProvider: Loaded debug metadata for module: packages/shared_preferences/src/shared_preferences_legacy.dart
[        ] MetadataProvider: Loaded debug metadata for module: packages/trade_desk/features/tabs/presentation/tabs_shell.dart
[        ] MetadataProvider: Loaded debug metadata for module: packages/trade_desk/features/trades/presentation/screens/trades_screen.dart
[        ] MetadataProvider: Loaded debug metadata for module: packages/trade_desk/features/trades/presentation/widgets/trade_card.dart
[        ] MetadataProvider: Loaded debug metadata for module: packages/trade_desk/features/trades/data/v2/trade_action_log.dart
[        ] MetadataProvider: Loaded debug metadata for module: packages/trade_desk/features/trades/presentation/models/trade_ui_model.dart
[        ] MetadataProvider: Loaded debug metadata for module: packages/trade_desk/features/trades/data/models/trade_model.dart
[        ] MetadataProvider: Loaded debug metadata for module: packages/trade_desk/features/trades/data/models/trade_action_step.dart
[        ] MetadataProvider: Loaded debug metadata for module: packages/trade_desk/core/theme/app_theme.dart
[        ] MetadataProvider: Loaded debug metadata for module: packages/trade_desk/features/trades/presentation/widgets/r_booking_v2_dialog.dart
[        ] MetadataProvider: Loaded debug metadata for module: packages/trade_desk/features/trades/data/services/trade_firestore_service.dart
[        ] MetadataProvider: Loaded debug metadata for module: packages/trade_desk/features/trades/data/models/trade_firestore_dto.dart
[        ] MetadataProvider: Loaded debug metadata for module: packages/trade_desk/features/trades/data/models/trade_dto.dart
[        ] MetadataProvider: Loaded debug metadata for module: packages/cloud_firestore/cloud_firestore.dart
[        ] MetadataProvider: Loaded debug metadata for module: packages/trade_desk/features/trades/data/v2/trade_v2_executor.dart
[        ] MetadataProvider: Loaded debug metadata for module: packages/trade_desk/features/trades/data/v2/r_booking_calculator.dart
[        ] MetadataProvider: Loaded debug metadata for module: packages/trade_desk/features/trades/data/v2/trade_v2_execution_result.dart
[        ] MetadataProvider: Loaded debug metadata for module: packages/trade_desk/features/trades/presentation/widgets/add_on_v2_dialog.dart
[        ] MetadataProvider: Loaded debug metadata for module: packages/trade_desk/features/trades/data/validators/trade_v2_action_validator.dart
[        ] MetadataProvider: Loaded debug metadata for module: packages/trade_desk/features/trades/data/validators/trade_validation_result.dart
[        ] MetadataProvider: Loaded debug metadata for module: packages/trade_desk/features/trades/presentation/screens/create_trade_screen.dart
[        ] MetadataProvider: Loaded debug metadata for module: packages/trade_desk/features/trades/data/validators/trade_validator.dart
[        ] MetadataProvider: Loaded debug metadata for module: packages/trade_desk/features/trades/data/models/trade_validation_result.dart
[        ] MetadataProvider: Loaded debug metadata for module: packages/trade_desk/features/trades/data/services/trade_service.dart
[        ] MetadataProvider: Loaded debug metadata for module: packages/provider/provider.dart
[        ] MetadataProvider: Loaded debug metadata for module: packages/provider/src/value_listenable_provider.dart
[        ] MetadataProvider: Loaded debug metadata for module: packages/provider/src/provider.dart
[        ] MetadataProvider: Loaded debug metadata for module: packages/provider/src/reassemble_handler.dart
[        ] MetadataProvider: Loaded debug metadata for module: packages/nested/nested.dart
[        ] MetadataProvider: Loaded debug metadata for module: packages/provider/src/selector.dart
[        ] MetadataProvider: Loaded debug metadata for module: packages/provider/src/proxy_provider.dart
[        ] MetadataProvider: Loaded debug metadata for module: packages/provider/src/listenable_provider.dart
[        ] MetadataProvider: Loaded debug metadata for module: packages/provider/src/async_provider.dart
[        ] MetadataProvider: Loaded debug metadata for module: packages/trade_desk/features/trades/data/validators/trade_v2_addon_validator.dart
[        ] MetadataProvider: Loaded debug metadata for module: packages/trade_desk/features/dashboard/presentation/widgets/summary_card.dart
[        ] MetadataProvider: Loaded debug metadata for module: packages/trade_desk/features/dashboard/presentation/data/services/dashboard_service.dart
[        ] MetadataProvider: Loaded debug metadata for module: packages/trade_desk/features/dashboard/presentation/data/models/dashboard_metrics.dart
[        ] MetadataProvider: Loaded debug metadata for module: packages/trade_desk/features/settings/presentation/screens/settings_screen.dart
[        ] MetadataProvider: Loaded debug metadata for module: packages/trade_desk/features/settings/presentation/widgets/risk_reward_section.dart
[        ] MetadataProvider: Loaded debug metadata for module: packages/trade_desk/core/utils/number_format.dart
[        ] MetadataProvider: Loaded debug metadata for module: packages/intl/src/intl/number_parser_base.dart
[        ] MetadataProvider: Loaded debug metadata for module: packages/intl/src/intl/text_direction.dart
[        ] MetadataProvider: Loaded debug metadata for module: packages/intl/src/intl/number_format_parser.dart
[        ] MetadataProvider: Loaded debug metadata for module: packages/intl/src/intl/string_stack.dart
[        ] MetadataProvider: Loaded debug metadata for module: packages/intl/number_symbols_data.dart
[        ] MetadataProvider: Loaded debug metadata for module: packages/intl/number_symbols.dart
[        ] MetadataProvider: Loaded debug metadata for module: packages/intl/src/intl/constants.dart
[        ] MetadataProvider: Loaded debug metadata for module: packages/intl/src/plural_rules.dart
[        ] MetadataProvider: Loaded debug metadata for module: packages/intl/src/intl_helpers.dart
[        ] MetadataProvider: Loaded debug metadata for module: packages/intl/src/global_state.dart
[        ] MetadataProvider: Loaded debug metadata for module: packages/intl/src/intl/micro_money.dart
[        ] MetadataProvider: Loaded debug metadata for module: packages/intl/src/intl/date_format.dart
[        ] MetadataProvider: Loaded debug metadata for module: packages/intl/src/intl/regexp.dart
[        ] MetadataProvider: Loaded debug metadata for module: packages/intl/src/intl/date_computation.dart
[        ] MetadataProvider: Loaded debug metadata for module: packages/intl/src/intl/date_builder.dart
[        ] MetadataProvider: Loaded debug metadata for module: packages/clock/src/stopwatch.dart
[        ] MetadataProvider: Loaded debug metadata for module: packages/clock/src/utils.dart
[        ] MetadataProvider: Loaded debug metadata for module: packages/intl/src/date_format_internal.dart
[        ] MetadataProvider: Loaded debug metadata for module: packages/intl/date_symbols.dart
[        ] MetadataProvider: Loaded debug metadata for module: packages/intl/src/intl/bidi_formatter.dart
[        ] MetadataProvider: Loaded debug metadata for module: packages/intl/src/intl/bidi.dart
[        ] MetadataProvider: Loaded debug metadata for module: packages/trade_desk/features/settings/presentation/widgets/final_exit_rules_card.dart
[        ] MetadataProvider: Loaded debug metadata for module: packages/trade_desk/features/settings/presentation/widgets/partial_profit_card.dart
[        ] MetadataProvider: Loaded debug metadata for module: packages/trade_desk/features/settings/presentation/widgets/stop_loss_rules_card.dart
[        ] MetadataProvider: Loaded debug metadata for module: packages/trade_desk/features/settings/presentation/widgets/entry_rules_card.dart
[        ] MetadataProvider: Loaded debug metadata for module: packages/trade_desk/features/settings/presentation/widgets/trading_style_card.dart
[        ] MetadataProvider: Loaded debug metadata for module: packages/trade_desk/features/dashboard/presentation/screens/dashboard_screen.dart
[        ] MetadataProvider: Loaded debug metadata for module: packages/trade_desk/features/dashboard/presentation/widgets/stat_card.dart
[        ] MetadataProvider: Loaded debug metadata for module: packages/trade_desk/core/ui/app_page_layout.dart
[  +25 ms] DwdsInjector: Injected debugging metadata for entrypoint at http://localhost:5173/main_module.bootstrap.js
[+10531 ms] DevHandler: VmService proxy responded with an error:
            {jsonrpc: 2.0, id: 3, error: {code: -32602, message: The stream `Timer` is not supported on web devices}}
[  +59 ms] DwdsVmClient: Registering service extension: ext.dwds.emitEvent
[   +2 ms] DwdsVmClient: Registering service extension: ext.dwds.reload
[        ] DwdsVmClient: Registering service extension: ext.dwds.restart
[        ] DwdsVmClient: Registering service extension: ext.dwds.screenshot
[        ] DwdsVmClient: Registering service extension: ext.dwds.sendEvent
[        ] DwdsVmClient: Registering service extension: _flutter.listViews
[  +32 ms] DevHandler: Debug service listening on ws://127.0.0.1:65457/pRxQOxWn2K0=/ws

[+1935 ms] ChromeProxyService: Initializing expression compiler for main_module.bootstrap.js
[ +146 ms] DevHandler: Chrome proxy service initialized successfully
[  +11 ms] ChromeProxyService: Caching package:flutter/src/widgets/widget_inspector.dart in expression compiler worker
[  +15 ms] DevHandler: VmService proxy responded with an error:
           {jsonrpc: 2.0, id: 10, error: {code: -32601, message: Method not found, data: {jsonrpc: 2.0, method: _setStreamIncludePrivateMembers, id: 10, params: {streamId: Stdout, includePrivateMembers: false}}}}
[   +4 ms] DevHandler: VmService proxy responded with an error:
           {jsonrpc: 2.0, id: 11, error: {code: -32601, message: Method not found, data: {jsonrpc: 2.0, method: _setStreamIncludePrivateMembers, id: 11, params: {streamId: Stderr, includePrivateMembers: false}}}}
[  +21 ms] DevHandler: VmService proxy responded with an error:
           {jsonrpc: 2.0, id: 13, error: {code: -32601, message: Method not found, data: {jsonrpc: 2.0, method: _setStreamIncludePrivateMembers, id: 13, params: {streamId: Isolate, includePrivateMembers: false}}}}
[   +6 ms] DevHandler: VmService proxy responded with an error:
           {jsonrpc: 2.0, id: 14, error: {code: -32601, message: Method not found, data: {jsonrpc: 2.0, method: _setStreamIncludePrivateMembers, id: 14, params: {streamId: Extension, includePrivateMembers: false}}}}
[  +10 ms] Debug service listening on ws://127.0.0.1:65457/pRxQOxWn2K0=/ws
[   +1 ms] A Dart VM Service on Chrome is available at: http://127.0.0.1:65457/pRxQOxWn2K0=
[   +2 ms] The Flutter DevTools debugger and profiler on Chrome is available at: http://127.0.0.1:65457/pRxQOxWn2K0=/devtools/?uri=ws://127.0.0.1:65457/pRxQOxWn2K0=/ws
[  +12 ms] Starting application from main method in: org-dartlang-app:/web_entrypoint.dart.
[ +190 ms] ExpressionEvaluator: Evaluating "() { return true; }" at packages/flutter/src/cupertino/text_form_field_row.dart
[  +49 ms] ExpressionEvaluator: Evaluating JS: "function () {
             try {
               return ((() => {var sentinel = {}; var output = function() {
                   let dart = dartDevEmbedder.importLibrary("dart:_runtime", function(lib) {
                     dart = lib;
                   });
                   let dart_rti = dartDevEmbedder.importLibrary("dart:_rti", function(lib) {
                     dart_rti = lib;
                   });
                   let dartx = dartDevEmbedder.importLibrary("dartx", function(lib) {
                     dartx = lib;
                   });
                   var T = {
                     VoidTobool: () => (T.VoidTobool = dart.constFn(dart_rti._Universe.eval(dart.typeUniverse, "core|bool()", true)))()
                   };
                   return dart.fn(() => true, T.VoidTobool());
                 }(); if (output === sentinel) throw Error("Value not found in scope");return output?._boundMethod || output;})())();
             } catch (error) {
               return error.name + ": " + error.message;
             }
           }" with scope: {}
[ +125 ms] ExpressionEvaluator: Evaluated "() { return true; }" to "{type: boolean, value: true}"
[+348889 ms] ChromeProxyService: 423674390 Destroying isolate
[   +1 ms] BatchedExpressionEvaluator: Closed
[  +13 ms] ChromeProxyService: 423674390 Destroying isolate
